// Jest Snapshot v1, https://goo.gl/fbAQLP

exports[`The appearance and functionality of the WelcomeFormComponent Matches the previous snapshot 1`] = `
<div
  className="welcomeFormComponent"
>
  <h3>
    Make a booking
  </h3>
  <form
    className="welcomeForm"
    onSubmit={[Function]}
  >
    <div
      className="partySize"
      onChange={[Function]}
    >
      <p>
        Party Size
      </p>
      <select
        id="partySize"
        name="partySize"
        required={true}
      >
        <option
          value="2"
        >
          For 2
        </option>
      </select>
    </div>
    <div
      className="timeDate"
    >
      <div>
        <p>
          Date
        </p>
        <div
          className="react-date-picker react-date-picker--closed react-date-picker--enabled datePicker"
          onFocus={[Function]}
        >
          <div
            className="react-date-picker__wrapper"
          >
            <div
              className="react-date-picker__inputGroup"
              onClick={[Function]}
            >
              <input
                max="275760-09-13"
                min="0001-01-01"
                name="date"
                onChange={[Function]}
                onFocus={[Function]}
                required={true}
                style={
                  Object {
                    "position": "absolute",
                    "visibility": "hidden",
                    "zIndex": "-999",
                  }
                }
                type="date"
                value="2021-06-10"
              />
              
              <input
                autoComplete="off"
                className="react-date-picker__inputGroup__input react-date-picker__inputGroup__day"
                data-input="true"
                inputMode="numeric"
                max={30}
                min={1}
                name="day"
                onChange={[Function]}
                onFocus={[Function]}
                onKeyDown={[Function]}
                onKeyPress={[Function]}
                onKeyUp={[Function]}
                placeholder="--"
                required={true}
                type="number"
                value="10"
              />
              <span
                className="react-date-picker__inputGroup__divider"
              >
                -
              </span>
              <span
                className="react-date-picker__inputGroup__leadingZero"
              >
                0
              </span>
              <input
                autoComplete="off"
                autoFocus={false}
                className="react-date-picker__inputGroup__input react-date-picker__inputGroup__month react-date-picker__inputGroup__input--hasLeadingZero"
                data-input="true"
                inputMode="numeric"
                max={12}
                min={1}
                name="month"
                onChange={[Function]}
                onFocus={[Function]}
                onKeyDown={[Function]}
                onKeyPress={[Function]}
                onKeyUp={[Function]}
                placeholder="--"
                required={true}
                type="number"
                value="6"
              />
              <span
                className="react-date-picker__inputGroup__divider"
              >
                -
              </span>
              <input
                autoComplete="off"
                autoFocus={false}
                className="react-date-picker__inputGroup__input react-date-picker__inputGroup__year"
                data-input="true"
                inputMode="numeric"
                max={275760}
                min={1}
                name="year"
                onChange={[Function]}
                onFocus={[Function]}
                onKeyDown={[Function]}
                onKeyPress={[Function]}
                onKeyUp={[Function]}
                placeholder="----"
                required={true}
                step={1}
                type="number"
                value="2021"
              />
              
            </div>
            <button
              className="react-date-picker__clear-button react-date-picker__button"
              onClick={[Function]}
              onFocus={[Function]}
              type="button"
            >
              <svg
                className="react-date-picker__clear-button__icon react-date-picker__button__icon"
                height={19}
                stroke="black"
                strokeWidth={2}
                viewBox="0 0 19 19"
                width={19}
                xmlns="http://www.w3.org/2000/svg"
              >
                <line
                  x1="4"
                  x2="15"
                  y1="4"
                  y2="15"
                />
                <line
                  x1="15"
                  x2="4"
                  y1="4"
                  y2="15"
                />
              </svg>
            </button>
            <button
              className="react-date-picker__calendar-button react-date-picker__button"
              onClick={[Function]}
              onFocus={[Function]}
              type="button"
            >
              <svg
                className="react-date-picker__calendar-button__icon react-date-picker__button__icon"
                height={19}
                stroke="black"
                strokeWidth={2}
                viewBox="0 0 19 19"
                width={19}
                xmlns="http://www.w3.org/2000/svg"
              >
                <rect
                  fill="none"
                  height="15"
                  width="15"
                  x="2"
                  y="2"
                />
                <line
                  x1="6"
                  x2="6"
                  y1="0"
                  y2="4"
                />
                <line
                  x1="13"
                  x2="13"
                  y1="0"
                  y2="4"
                />
              </svg>
            </button>
          </div>
        </div>
      </div>
      <div
        onChange={[Function]}
      >
        <p>
          Time
        </p>
        <select
          id="time"
          name="time"
          required={true}
        >
          <option
            value="09:00am"
          >
            12:00pm
          </option>
          <option
            value="09:30am"
          >
            12:00pm
          </option>
          <option
            value="10:00am"
          >
            12:00pm
          </option>
          <option
            value="10:30am"
          >
            12:00pm
          </option>
          <option
            value="11:00am"
          >
            12:00pm
          </option>
          <option
            value="11:30am"
          >
            12:00pm
          </option>
          <option
            value="12:00pm"
          >
            12:00pm
          </option>
          <option
            value="12:30pm"
          >
            12:00pm
          </option>
          <option
            value="13:00pm"
          >
            12:00pm
          </option>
          <option
            value="13:30pm"
          >
            12:00pm
          </option>
          <option
            value="14:00pm"
          >
            12:00pm
          </option>
          <option
            value="14:30pm"
          >
            12:00pm
          </option>
          <option
            value="15:00pm"
          >
            12:00pm
          </option>
          <option
            value="15:30pm"
          >
            12:00pm
          </option>
          <option
            value="16:00pm"
          >
            12:00pm
          </option>
          <option
            value="16:30pm"
          >
            12:00pm
          </option>
          <option
            value="17:00pm"
          >
            12:00pm
          </option>
          <option
            value="17:30pm"
          >
            12:00pm
          </option>
          <option
            value="18:00pm"
          >
            12:00pm
          </option>
          <option
            value="18:30pm"
          >
            12:00pm
          </option>
          <option
            value="19:00pm"
          >
            12:00pm
          </option>
          <option
            value="19:30pm"
          >
            12:00pm
          </option>
          <option
            value="20:00pm"
          >
            12:00pm
          </option>
          <option
            value="20:30pm"
          >
            12:00pm
          </option>
          <option
            value="21:00pm"
          >
            12:00pm
          </option>
          <option
            value="21:30pm"
          >
            12:00pm
          </option>
          <option
            value="22:00pm"
          >
            12:00pm
          </option>
          <option
            value="22:30pm"
          >
            12:00pm
          </option>
        </select>
      </div>
    </div>
    <button
      className="formSubmitButton"
      type="submit"
    >
      <p>
        Continue
      </p>
    </button>
  </form>
</div>
`;
